// Jest Snapshot v1, https://goo.gl/fbAQLP

exports[`Active Product Filters Block can change title label in editor 1`] = `
"<!-- wp:woocommerce/active-filters -->
<div class=\\"wp-block-woocommerce-active-filters is-loading\\" data-display-style=\\"list\\" data-heading=\\"Active filters\\" data-heading-level=\\"3\\"><span aria-hidden=\\"true\\" class=\\"wc-block-active-product-filters__placeholder\\"></span></div>
<!-- /wp:woocommerce/active-filters -->"
`;
