// Jest Snapshot v1, https://goo.gl/fbAQLP

exports[`Store Editing Templates Product Catalog block template should contain the "WooCommerce Product Grid Block" classic template 1`] = `
"<!-- wp:template-part {\\"slug\\":\\"header\\",\\"theme\\":\\"emptytheme\\",\\"tagName\\":\\"header\\"} /-->

<!-- wp:group {\\"layout\\":{\\"inherit\\":true,\\"type\\":\\"constrained\\"}} -->
<div class=\\"wp-block-group\\"><!-- wp:woocommerce/legacy-template {\\"template\\":\\"archive-product\\"} /--></div>
<!-- /wp:group -->

<!-- wp:template-part {\\"slug\\":\\"footer\\",\\"theme\\":\\"emptytheme\\",\\"tagName\\":\\"footer\\"} /-->"
`;

exports[`Store Editing Templates Product Search Results block template should contain the "WooCommerce Product Grid Block" classic template 1`] = `
"<!-- wp:template-part {\\"slug\\":\\"header\\",\\"theme\\":\\"emptytheme\\",\\"tagName\\":\\"header\\"} /-->

<!-- wp:group {\\"layout\\":{\\"inherit\\":true,\\"type\\":\\"constrained\\"}} -->
<div class=\\"wp-block-group\\"><!-- wp:woocommerce/legacy-template {\\"template\\":\\"product-search-results\\"} /--></div>
<!-- /wp:group -->

<!-- wp:template-part {\\"slug\\":\\"footer\\",\\"theme\\":\\"emptytheme\\",\\"tagName\\":\\"footer\\"} /-->"
`;

exports[`Store Editing Templates Product by Category block template should contain the "WooCommerce Product Taxonomy Block" classic template 1`] = `
"<!-- wp:template-part {\\"slug\\":\\"header\\",\\"theme\\":\\"emptytheme\\",\\"tagName\\":\\"header\\"} /-->

<!-- wp:group {\\"layout\\":{\\"inherit\\":true,\\"type\\":\\"constrained\\"}} -->
<div class=\\"wp-block-group\\"><!-- wp:woocommerce/legacy-template {\\"template\\":\\"taxonomy-product_cat\\"} /--></div>
<!-- /wp:group -->

<!-- wp:template-part {\\"slug\\":\\"footer\\",\\"theme\\":\\"emptytheme\\",\\"tagName\\":\\"footer\\"} /-->"
`;

exports[`Store Editing Templates Products by Tag block template should contain the "WooCommerce Product Taxonomy Block" classic template 1`] = `
"<!-- wp:template-part {\\"slug\\":\\"header\\",\\"theme\\":\\"emptytheme\\",\\"tagName\\":\\"header\\"} /-->

<!-- wp:group {\\"layout\\":{\\"inherit\\":true,\\"type\\":\\"constrained\\"}} -->
<div class=\\"wp-block-group\\"><!-- wp:woocommerce/legacy-template {\\"template\\":\\"taxonomy-product_tag\\"} /--></div>
<!-- /wp:group -->

<!-- wp:template-part {\\"slug\\":\\"footer\\",\\"theme\\":\\"emptytheme\\",\\"tagName\\":\\"footer\\"} /-->"
`;

exports[`Store Editing Templates Single Product block template should contain the "WooCommerce Single Product Block" classic template 1`] = `
"<!-- wp:template-part {\\"slug\\":\\"header\\",\\"theme\\":\\"emptytheme\\",\\"tagName\\":\\"header\\"} /-->

<!-- wp:group {\\"layout\\":{\\"inherit\\":true,\\"type\\":\\"constrained\\"}} -->
<div class=\\"wp-block-group\\"><!-- wp:woocommerce/legacy-template {\\"template\\":\\"single-product\\"} /--></div>
<!-- /wp:group -->

<!-- wp:template-part {\\"slug\\":\\"footer\\",\\"theme\\":\\"emptytheme\\",\\"tagName\\":\\"footer\\"} /-->"
`;
