// Jest Snapshot v1, https://goo.gl/fbAQLP

exports[`Product Search Block can change field labels in editor 1`] = `
"<!-- wp:woocommerce/product-search {\\"formId\\":\\"wc-block-product-search-5\\"} -->
<div class=\\"wp-block-woocommerce-product-search\\"><div class=\\"wc-block-product-search\\"><form role=\\"search\\" method=\\"get\\" action=\\"http://localhost:8889/\\"><label for=\\"wc-block-product-search-5\\" class=\\"wc-block-product-search__label\\">The Label</label><div class=\\"wc-block-product-search__fields\\"><input type=\\"search\\" id=\\"wc-block-product-search-5\\" class=\\"wc-block-product-search__field\\" placeholder=\\"The Placeholder\\" name=\\"s\\"/><input type=\\"hidden\\" name=\\"post_type\\" value=\\"product\\"/><button type=\\"submit\\" class=\\"wc-block-product-search__button\\" label=\\"Search\\"><svg aria-hidden=\\"true\\" role=\\"img\\" focusable=\\"false\\" class=\\"dashicon dashicons-arrow-right-alt2\\" xmlns=\\"http://www.w3.org/2000/svg\\" width=\\"20\\" height=\\"20\\" viewbox=\\"0 0 20 20\\"><path d=\\"M6 15l5-5-5-5 1-2 7 7-7 7z\\"></path></svg></button></div></form></div></div>
<!-- /wp:woocommerce/product-search -->"
`;
