// Jest Snapshot v1, https://goo.gl/fbAQLP

exports[`Single Product Block can be created 1`] = `
"<!-- wp:woocommerce/single-product -->
<div class=\\"wp-block-woocommerce-single-product is-loading\\"></div>
<!-- /wp:woocommerce/single-product -->"
`;
